// Jest Snapshot v1, https://goo.gl/fbAQLP

exports[`should render NotFoundPage correctly 1`] = `
<div
  className="uk-flex uk-flex-center uk-flex-middle full-height"
>
  404 -
   
  <Link
    className="uk-button uk-button-default"
    replace={false}
    to="/"
  >
    Go home
  </Link>
</div>
`;
